{
  "kind": "utmm",
  "source": "/home/wosas/Desktop/Incremental_mapping_test/gs_floaterLab/data/benchmarks/utmm/prepared/UTMM_Dataset/square-1",
  "vigs_run": "/home/wosas/Desktop/Incremental_mapping_test/gs_floaterLab/data/benchmarks/vigs_sources/fixed1x_5090_exp80/utmm/square-1/seed0",
  "pose_source": "VIGS final online full-frame trajectory",
  "keyframe_source": "VIGS traj_kf_beforeBA keyframe timestamps",
  "initialization": "VIGS cumulative geometry-only depth-anchor log",
  "depth_anchor_stride": 40,
  "depth_anchor_valid_range_m": [
    0.01,
    20.0
  ],
  "initial_point_color": [
    128,
    128,
    128
  ],
  "point_count": 10189,
  "point_source_sha256": "a8f009bc0418408663412665fcf66287f896eecceda96568200f582f6af152b5",
  "pose_source_sha256": "300fab3e35a43c51b074a77079af2ae252b729f140690734c96495e443809c08",
  "keyframe_source_sha256": "00298529cf280df06d003cc41bf9646ca13b6990ac55d1e33ac633e869cec620",
  "raw_vigs_keyframes": 81,
  "deduplicated_rgb_keyframe_boundaries": 81,
  "max_full_pose_to_rgb_timestamp_error_seconds": 2.384185791015625e-07,
  "intrinsics": {
    "fx": 642.6510620117188,
    "fy": 641.807373046875,
    "cx": 654.4762573242188,
    "cy": 359.5939025878906,
    "width": 1280,
    "height": 660
  },
  "rpng_undistorted": false,
  "arrival_group_size_histogram": {
    "3": 1,
    "6": 3,
    "7": 7,
    "9": 10,
    "10": 8,
    "11": 6,
    "12": 5,
    "13": 3,
    "14": 9,
    "15": 6,
    "16": 4,
    "17": 2,
    "18": 3,
    "19": 1,
    "22": 1,
    "34": 1,
    "40": 1,
    "42": 1,
    "45": 1,
    "47": 1,
    "51": 1,
    "54": 1,
    "58": 1,
    "69": 1,
    "79": 2
  },
  "offline_noncausal_fixed_pose_init": true,
  "total_iterations": 4801,
  "iters_per_event": 60,
  "tail_iters": 0,
  "events": 81,
  "all_frames": 1614,
  "train_frames": 1412,
  "heldout_frames": 202,
  "heldout_rule": "sorted COLMAP image index modulo 8 equals zero",
  "interval_definition": "actual VIGS keyframe timestamps mapped to nearest RGB frame"
}
